// Jest Snapshot v1, https://goo.gl/fbAQLP

exports[`NavbarListItemButton should render correctly 1`] = `
<a
  class="MuiButtonBase-root MuiListItemButton-root MuiListItemButton-gutters Mui-selected MuiListItemButton-root MuiListItemButton-gutters Mui-selected css-72rlw3-MuiButtonBase-root-MuiListItemButton-root"
  href="/test"
  tabindex="0"
>
  <p
    class="MuiTypography-root MuiTypography-body1 css-ahj2mt-MuiTypography-root"
  >
    Test
  </p>
  <span
    class="MuiTouchRipple-root css-8je8zh-MuiTouchRipple-root"
  />
</a>
`;
