// Jest Snapshot v1, https://goo.gl/fbAQLP

exports[`ConnectionStatusLabel with status \`offline\` should render correctly  1`] = `
<p
  class="MuiTypography-root MuiTypography-body1 css-18todbp-MuiTypography-root"
>
  online
</p>
`;

exports[`ConnectionStatusLabel with status \`online\` should render correctly  1`] = `
<p
  class="MuiTypography-root MuiTypography-body1 css-18todbp-MuiTypography-root"
>
  online
</p>
`;
